// Jest Snapshot v1, https://goo.gl/fbAQLP

exports[`snapshot for Chat component 1`] = `
Object {
  "Chat": Object {
    "collapse": [Function],
    "expand": [Function],
    "hide": [Function],
    "init": [Function],
    "isCollapsed": [Function],
    "show": [Function],
    "visible": null,
  },
}
`;
